// Jest Snapshot v1, https://goo.gl/fbAQLP

exports[`matches snapshot 1`] = `
<DocumentFragment>
  <div>
    <h1>
      Add a Todo:
    </h1>
    <form>
      <label
        for="todo"
      >
        New Todo: 
      </label>
      <input
        id="todo"
        name="todo"
        type="text"
        value=""
      />
      <button>
        Add Todo
      </button>
    </form>
    <h1>
      My Todos
    </h1>
  </div>
</DocumentFragment>
`;
